<?xml version="1.0" encoding="utf-8"?>
<TestRun id="00000000-0000-0000-0000-000000000000" name="scrubbed@nunit4" runUser="SCRUBBED" xmlns="http://microsoft.com/schemas/VisualStudio/TeamTest/2010">
  <TestDefinitions>
    <UnitTest name="Parameterized" id="nunit4-1"><TestMethod codeBase="nunit4.Tests.dll" adapterTypeName="nunit4" className="Fixtures.nunit4.ParameterizedTests" name="Adds" /></UnitTest>
    <UnitTest name="ExplicitData" id="nunit4-2"><TestMethod codeBase="nunit4.Tests.dll" adapterTypeName="nunit4" className="Fixtures.nunit4.ParameterizedTests" name="ExplicitData" /></UnitTest>
    <UnitTest name="DuplicateA" id="nunit4-3"><TestMethod codeBase="nunit4.Tests.dll" adapterTypeName="nunit4" className="Fixtures.nunit4.DuplicateA" name="SameDisplay" /></UnitTest>
    <UnitTest name="DuplicateB" id="nunit4-4"><TestMethod codeBase="nunit4.Tests.dll" adapterTypeName="nunit4" className="Fixtures.nunit4.DuplicateB" name="SameDisplay" /></UnitTest>
    <UnitTest name="Skipped" id="nunit4-5"><TestMethod codeBase="nunit4.Tests.dll" adapterTypeName="nunit4" className="Fixtures.nunit4.OutcomeTests" name="Skipped" /></UnitTest>
    <UnitTest name="Unicode" id="nunit4-6"><TestMethod codeBase="nunit4.Tests.dll" adapterTypeName="nunit4" className="Fixtures.nunit4.UnicodeTests" name="Unicode_Δ_雪" /></UnitTest>
    <UnitTest name="Long" id="nunit4-7"><TestMethod codeBase="nunit4.Tests.dll" adapterTypeName="nunit4" className="Fixtures.nunit4.LongNameTests" name="VeryLongNameSegmentVeryLongNameSegmentVeryLongNameSegmentVeryLongNameSegment" /></UnitTest>
  </TestDefinitions>
  <Results>
    <UnitTestResult executionId="00000000-0000-0000-0000-000000000001" testId="nunit4-1" testName="Adds(1, 2, expected: 3)" outcome="Passed" duration="00:00:00.0010000" />
    <UnitTestResult executionId="00000000-0000-0000-0000-000000000002" testId="nunit4-2" testName="A display name that is not identity" outcome="Failed" duration="00:00:00.0020000" dataRowInfo="row:explicit-42"><Output><ErrorInfo><Message>Expected 1 but got 2</Message><StackTrace>at SCRUBBED</StackTrace></ErrorInfo></Output></UnitTestResult>
    <UnitTestResult executionId="00000000-0000-0000-0000-000000000003" testId="nunit4-3" testName="same display" outcome="Passed" duration="00:00:00.0030000" />
    <UnitTestResult executionId="00000000-0000-0000-0000-000000000004" testId="nunit4-4" testName="same display" outcome="Passed" duration="00:00:00.0040000" />
    <UnitTestResult executionId="00000000-0000-0000-0000-000000000005" testId="nunit4-5" testName="Skipped" outcome="NotExecuted" duration="00:00:00" />
    <UnitTestResult executionId="00000000-0000-0000-0000-000000000006" testId="nunit4-6" testName="Unicode_Δ_雪(&quot;emoji 🚀 &amp; xml&quot;)" outcome="Passed" duration="00:00:00.0060000" />
    <UnitTestResult executionId="00000000-0000-0000-0000-000000000007" testId="nunit4-7" testName="VeryLongNameSegmentVeryLongNameSegmentVeryLongNameSegmentVeryLongNameSegment(aaaaaaaaaaaaaaaaaaaaaaaaaaaaaaaaaaaaaaaaaaaaaaaaaaaaaaaaaaaaaaaaaaaaaaaaaaaaaaaa)" outcome="Inconclusive" duration="00:00:00.0070000" />
    <UnitTestResult executionId="00000000-0000-0000-0000-000000000008" testId="missing-nunit4" testName="DisplayOnly(9)" outcome="Passed" duration="00:00:00.0080000" />
  </Results>
</TestRun>
